// Jest Snapshot v1, https://goo.gl/fbAQLP

exports[`Pruebas en <FirstApp /> debe de hacer mach con el snapshot 1`] = `
<div>
  <h1>
    Hola soy Vgeta
  </h1>
  <p>
    No hay sudtitulo
  </p>
  <p>
    Kiara Diaz
  </p>
</div>
`;
